border_size=1
usage=map

Wo          , Wo          , Wwr         , Wwr         , Wwr         , Ww          , Ww          , Ww          , Ww          , Ww          , Ww          , Gs^Fds      , Gg          , Gg          , Gg          , Gg          , Gg          , Gg          , Gg          , Gg          , Gs^Fds      , Gs^Fds      , Gs^Fds      , Gs^Fds      , Gs^Fds      , Gs^Fds      , Gs^Fds      , Gg          , Gg          , Gs^Fds      , Gs^Fds      , Gs^Fds      , Gs^Fds      , Ch          , Gs^Fds      , Gg          , Re^Gvs      , Re^Gvs      , Re^Gvs      , Re^Gvs      , Re^Gvs      , Re^Gvs      , Re^Gvs      , Re^Gvs      , Re^Gvs      , Re^Gvs      , Re^Gvs      , Re^Gvs      , Gg          , Gg          , Gg          , Gg          , Gg          , Ch          , Ch          , Gg          , Ch          , Gg          , Gg          , Gg          , Gg          , Gg          
Wo          , Wo          , Wo          , Wo          , Wwr         , Wwr         , Ww          , Ww          , Ww          , Ww          , Ww          , Ww          , Ww          , Gg          , Gg          , Gg          , Gg          , Gg          , Gg          , Gg          , Gg          , Gg          , Gg^Vh       , Gs^Fds      , Gg          , Gg          , Gg          , Gg          , Gg          , Gs^Fds      , Gs^Fds      , Gs^Fds      , Ch          , Gs^Fds      , Gs^Fds      , Gg          , Re^Gvs      , Re^Gvs      , Re^Gvs      , Re^Gvs      , Re^Gvs      , Re^Gvs      , Re^Gvs      , Re^Gvs      , Re^Gvs      , Re^Gvs      , Re^Gvs      , Gg^Vh       , Gg          , Gg          , Gs^Fds      , Gg          , Gg          , Gg          , Gg          , Ch          , Gg          , Ch          , Ch          , Gg          , Gg          , Gg          
Wo          , Wo          , Wo          , Wo          , Ww          , Ww          , Ww          , Ww          , Ww          , Ww          , Ww          , Ww          , Ww          , Ww          , Ww          , Wwr         , Wwr         , Gg          , Ww          , Gg          , Gg          , Gg          , Gg          , Gg          , Gs^Fds      , Gg          , Gg          , Gg          , Gg          , Gg          , Gg          , Gg          , Ch          , Gs^Fds      , Gg^Vh       , Gs^Fds      , Re^Gvs      , Re^Gvs      , Re^Gvs      , Re^Gvs      , Re^Gvs      , Re^Gvs      , Re^Gvs      , Re^Gvs      , Re^Gvs      , Re^Gvs      , Gg          , Rp          , Gs^Fds      , Gs^Fds      , Gs^Fds      , Gg          , Gg          , Gg          , Gs^Vht      , Gg          , Gg          , Gg          , Gg          , Ch          , Gg          , Gg          
Wo          , Wo          , Wo          , Ww          , Ww          , Ww          , Ds          , Ds          , Ds          , Ds          , Ds          , Ww          , Ww          , Ww          , Ww          , Ww          , Ww          , Ww          , Ww          , Ww^Bw/      , Ww          , Ww          , Ww          , Gg          , Gs^Fds      , Gg          , Gg          , Gg          , Gg          , Gg          , Gg          , Gg          , Ch          , Gg          , Rp          , Re^Gvs      , Re^Gvs      , Re^Gvs      , Re^Gvs      , Re^Gvs      , Re^Gvs      , Re^Gvs      , Re^Gvs      , Re^Gvs      , Re^Gvs      , Re^Gvs      , Gg          , Rp          , Gg          , Gs^Fds      , Gg          , Gg          , Re^Gvs      , Re^Gvs      , Re^Gvs      , Re^Gvs      , Gg          , Gg          , Gg          , Ch          , Ch          , Gg          
Wo          , Wo          , Ww          , Ww          , Ds          , Ds          , Gg          , Gg          , Gg          , Gg          , Gg          , Ds          , Ww          , Ww          , Wwr         , Ww          , Wwr         , Ww          , Ww          , Ww          , Ww          , Ww          , Ww          , Ww          , Ww          , Ch          , Gs^Fds      , Gs^Fds      , Gs^Fds      , Gg          , Gg          , Gg          , Ch          , Gg          , Gg          , Rp          , Rp          , Kh          , Re^Gvs      , Re^Gvs      , Re^Gvs      , Re^Gvs      , Re^Gvs      , Re^Gvs      , Re^Gvs      , Kh          , Gg          , Rp          , Ch          , Gg          , Re^Gvs      , Re^Gvs      , Re^Gvs      , Re^Gvs      , Re^Gvs      , Re^Gvs      , Gg          , Gg          , Gs^Fds      , Gg          , Ch          , Gg          
Wo          , Wo          , Ww          , Ww          , Ww          , Ds          , Gg          , Gs^Fds      , Gs^Fds      , Gs^Fds      , Gg          , Ds          , Ds          , Ww          , Ww          , Wwr         , Wo          , Wwr         , Wwr         , Ww          , Ww          , Ww          , Ww          , Ww          , Ww          , Ww          , Gs^Fds      , Gs^Fds      , Gs^Fds      , Gs^Fds      , Gg          , Gg          , Ww          , Ww          , Gs^Fds      , Gs^Fds      , Gs^Fds      , Rp          , Gg          , Gg          , Gg          , Re^Gvs      , Re^Gvs      , Re^Gvs      , Gg^Wm       , Gg          , Rp          , Ch          , 2 Kh        , Ch          , Re^Gvs      , Re^Gvs      , Re^Gvs      , Re^Gvs      , Re^Gvs      , Re^Gvs      , Re^Gvs      , Gg          , Gg          , Gg          , Gg          , Ch          
Wo          , Wo          , Wwr         , Ww          , Ww          , Ds          , Ds          , Gg          , Gg          , Gs^Fds      , Gg          , Ds          , Ds          , Ww          , Ww          , Wo          , Wo          , Wo          , Ww          , Ww          , Ww          , Ww          , Ww          , Ww          , Ww          , Ww          , Ww          , Gs^Fds      , Gs^Fds      , Gg          , Gg          , Ww          , Ww          , Ww          , Ww          , Ww          , Ww^Bw/      , Rr          , Rr          , Rp          , Rp          , Gg          , Gg          , Re^Gvs      , Re^Gvs      , Gg^Vh       , Rp          , Ch          , Ch          , Ch          , Re^Gvs      , Re^Gvs      , Re^Gvs      , Re^Gvs      , Re^Gvs      , Re^Gvs      , Re^Gvs      , Kh          , Gg          , Gg          , Gg          , Ch          
Wo          , Wo          , Wo          , Ww          , Wwr         , Ww          , Ww          , Ds          , Ds          , Ds          , Ds          , Ds          , Ww          , Ww          , Wo          , Wo          , Wo          , Wo          , Wo          , Ww          , Ww          , Ww          , Ww          , Ww          , Ww          , Ww          , Ww          , Ww          , Gs^Fds      , Ww          , Ww          , Ww          , Ww          , Wo          , Ww          , Ww^Bw/      , Ww^Bw/      , Ww^Bw/      , Rp^Vhc      , Rr          , Rp          , Rp          , Rp          , Gg          , Gg          , Re^Gvs      , Gg          , Rp          , Rp          , Gg          , Re^Gvs      , Re^Gvs      , Re^Gvs      , Re^Gvs      , Re^Gvs      , Re^Gvs      , Gg          , Gg          , Gg          , Gg          , Gg^Vh       , Gg          
Wo          , Wo          , Wo          , Ww          , Ww          , Wwr         , Wwr         , Ww          , Ww          , Ww          , Ww          , Ww          , Ww          , Ww          , Wo          , Wo          , Wo          , Wo          , Wo          , Ww          , Ww          , Ww          , Ww          , Ww          , Ww          , Ww          , Ww          , Ww          , Ww          , Ww          , Ww          , Wo          , Wo          , Wo          , Wo^Bw/      , Ww^Bw/      , Ww          , Ww          , Ww^Bw/      , Rr          , Gg          , Gg          , Re^Gvs      , Rp          , Rp          , Gg          , Rp          , Rp          , Gg          , Gg          , Gg          , Gg^Vh       , Re^Gvs      , Re^Gvs      , Gg          , Gg          , Gg          , Gg          , Re^Gvs      , Re^Gvs      , Re^Gvs      , Re^Gvs      
Wo          , Wo          , Wo          , Wo          , Ww          , Wwr         , Wo          , Wwr         , Wo          , Ww          , Wo          , Ww          , Wo          , Wo          , Wo          , Wo          , Wo          , Wo          , Wo          , Wo          , Wo          , Ww          , Ww          , Ww          , Wwr         , Ww          , Ww          , Ww          , Wwr         , Ww          , Ww          , Wo          , Wo          , Wo          , Wo          , Ww          , Ww          , Ww^Bw/      , Ww          , Gg          , Re^Gvs      , Re^Gvs      , Re^Gvs      , Gg          , Rp          , Rp          , Rp          , Ch          , Gg          , Gg          , Gg          , Gg          , Gg          , Gg          , Gg          , Gg          , Re^Gvs      , Re^Gvs      , Re^Gvs      , Re^Gvs      , Re^Gvs      , Re^Gvs      
Wo          , Wo          , Wo          , Wo          , Wo          , Wo          , Wo          , Wo          , Wo          , Wo          , Wo          , Wo          , Wo          , Wo          , Wo          , Wo          , Wo          , Wo          , Wo          , Wo          , Wo          , Wo          , Ww          , Ww          , Wwr         , Wwr         , Ww          , Ww          , Wwr         , Wwr         , Wo          , Wo          , Wo          , Ww          , Ww          , Ww          , Ww          , Ww          , Gg          , Gg          , Re^Gvs      , Re^Gvs      , Re^Gvs      , Gg^Vh       , Gg          , Rp          , Ww          , Rp          , Rp          , Gg          , Gg          , Gg          , Gs^Fds      , Gs^Fds      , Gg          , Gg          , Gg          , Re^Gvs      , Re^Gvs      , Re^Gvs      , Re^Gvs      , Re^Gvs      
Wo          , Wo          , Wo          , Wo          , Wo          , Wo          , Wo          , Wo          , Wo          , Wo          , Ww          , Wo          , Ww          , Wo          , Wo          , Wo          , Wo          , Wo          , Wo          , Wo          , Wo          , Wo          , Ww          , Ww          , Ww          , Ww          , Ww          , Ww          , Ww          , Wo          , Wo          , Wo          , Ww          , Ww          , Ww          , Ch          , Gs^Fds      , Ww          , Re^Gvs      , Re^Gvs      , Re^Gvs      , Re^Gvs      , Re^Gvs      , Re^Gvs      , Re^Gvs      , Ww          , Ww          , Ww          , Ww          , Rp          , Rp          , Gg          , Gg          , Gs^Fds      , Gg          , Gg          , Re^Gvs      , Re^Gvs      , Re^Gvs      , Re^Gvs      , Re^Gvs      , Re^Gvs      
Wo          , Wo          , Wo          , Wo          , Wo          , Wo          , Wo          , Wo          , Wo          , Ww          , Ww          , Wwr         , Ww          , Ww          , Wo          , Wo          , Wo          , Wo          , Wo          , Wo          , Wo          , Wo          , Ww          , Ww          , Wwr         , Ww          , Ww          , Ww          , Ww          , Wo          , Wo          , Wo          , Ww          , Ww          , Gg          , Ch          , Gs^Fds      , Gg          , Gg          , Re^Gvs      , Gg          , Re^Gvs      , Gg          , Re^Gvs      , Gg          , Re^Gvs      , Ww          , Ww          , Gg          , Gg          , Gg          , Rp          , Rp          , Gg          , Gg          , Gg          , Re^Gvs      , Re^Gvs      , Re^Gvs      , Re^Gvs      , Re^Gvs      , Re^Gvs      
Wo          , Wo          , Wo          , Wo          , Wo          , Wo          , Wo          , Wo          , Wo          , Wo          , Wo          , Ww          , Wo          , Ww          , Wo          , Wo          , Wo          , Wo          , Wo          , Wo          , Wo          , Ww          , Ww          , Ww          , Ds          , Wwr         , Wwr         , Ww          , Ww          , Ww          , Ww          , Ww          , Ww          , Ww          , Ww          , Gs^Fds      , Ch          , Gs^Fds      , Gg          , Ss          , Gg          , Gg          , Ch          , Gg          , Gg          , Gg          , Ww          , Gg          , Gg^Vh       , Gg          , Gg          , Gg          , Rp          , Rp          , Gg          , Re^Gvs      , Re^Gvs      , Re^Gvs      , Re^Gvs      , Re^Gvs      , Re^Gvs      , Re^Gvs      
Wo          , Wo          , Wo          , Wo          , Wo          , Wo          , Wo          , Wo          , Wo          , Wo          , Wo          , Wo          , Wo          , Wo          , Wo          , Wo          , Wo          , Wo          , Wo          , Wo          , Ww          , Ww          , Ds          , Ds          , Gs^Fds      , Ds          , Ds          , Wwr         , Ww          , Ww          , Ww          , Ww          , Ww          , Ww          , Ww          , Ww          , Ww          , Ww          , Ww          , Ww          , Ww          , Ww          , Ww          , Ww          , Ww          , Ss          , Ww          , Ss          , Gg          , Gg          , Gg          , Gg          , Gg          , Rp          , Gg          , Re^Gvs      , Re^Gvs      , Re^Gvs      , Re^Gvs      , Re^Gvs      , Gg          , Re^Gvs      
Wo          , Wo          , Ww          , Ww          , Ww          , Wo          , Ww          , Wo          , Wo          , Wo          , Wo          , Wo          , Wo          , Wo          , Wo          , Wo          , Wo          , Wo          , Wo          , Wo          , Ww          , Ww          , Ds          , Gs^Fds      , Gs^Fds      , Gs^Fds      , Gs^Vht      , Ds          , Ww          , Ww          , Wo          , Ww          , Ww          , Ww          , Ww          , Wwr         , Wwr         , Wo          , Wo          , Ww          , Wo          , Ww          , Ww          , Ww          , Wo          , Ww          , Ww          , Ss          , Ww          , Ww          , Ww          , Ww          , Ch          , Rp          , Gg          , Re^Gvs      , Gg^Vh       , Re^Gvs      , Gg          , Gg          , Gg          , Gg          
Ww          , Ww          , Ww          , Ds          , Ds          , Ww          , Ds          , Ww          , Ww          , Ww          , Ww          , Wo          , Ww          , Wo          , Ww          , Wo          , Wo          , Wo          , Wo          , Wo          , Ww          , Ww          , Ds          , Gs^Fds      , Gs^Fds      , Gs^Fds      , Ds          , Ds          , Ww          , Wo          , Wo          , Wo          , Wo          , Wo          , Wo          , Wwr         , Wwr         , Ww          , Wo          , Wo          , Wo          , Wo          , Wo          , Wo          , Wo          , Wo          , Wo          , Ww          , Wo          , Ww          , Ww          , Ww          , Ww          , Ww^Bw|      , Ww          , Gg          , Gg          , Gg          , Gg          , Gg          , Gg          , Gg          
Ds          , Ds          , Ds          , Ds          , Gg          , Ds          , Gg          , Ds          , Ds          , Ds          , Ds          , Ww          , Ds          , Ww          , Ds          , Ww          , Wo          , Wo          , Wo          , Wo          , Wo          , Ww          , Ww          , Ds          , Ds          , Ds          , Ww          , Ww          , Wo          , Wo          , Wo          , Wo          , Wo          , Ww          , Ww          , Ss          , Ss          , Gs^Fds      , Ww          , Wo          , Ww          , Ww          , Ww          , Wo          , Wo          , Wo          , Wo          , Wo          , Wo          , Wo          , Wo          , Wo          , Wo          , Ww          , Ww          , Ww          , Ww          , Ww          , Ww          , Ww          , Ww          , Ww          
Gg          , Gg          , Hh^Fp       , Gg          , Gs^Fp       , Gg          , Gg          , Dd^Vdt      , Gg          , Ds          , Ds          , Ds          , Ds          , Ds          , Ds          , Ww          , Wo          , Wo          , Wo          , Wo          , Wo          , Ww          , Ww          , Ww          , Ww          , Ww          , Wo          , Wo          , Wo          , Wo          , Wo          , Wo          , Wo          , Ww          , Ss          , Ss          , Chs         , Chs         , Ss          , Ww          , Ds          , Ds          , Ww          , Wo          , Wo          , Wo          , Wo          , Wo          , Wo          , Wo          , Wo          , Wo          , Wo          , Wo          , Wo          , Wo          , Wo          , Wo          , Wo          , Wo          , Wo          , Wo          
Mm          , Hh^Fp       , Hh          , Hh^Fp       , Hh^Fp       , Gs^Fp       , Gs^Fp       , Gg          , Gg          , Gg          , Gg          , Ds          , Ds          , Ds          , Ds          , Ww          , Ww          , Wo          , Wo          , Wo          , Wo          , Wo          , Wo          , Wo          , Wo          , Wo          , Wo          , Wo          , Wo          , Wo          , Wo          , Wo          , Wwr         , Ww          , Ss          , Chs         , 1 Khs       , Ss          , Gs^Fds      , Ds          , Ds          , Ww          , Wo          , Wo          , Wo          , Wo          , Wo          , Wo          , Wo          , Wo          , Wo          , Wo          , Wo          , Wo          , Wo          , Wo          , Wo          , Wo          , Wo          , Wo          , Wo          , Wo          
Mm          , Mm          , Mm          , Hh          , Hh          , Hh^Fp       , Hh^Fp       , Gg          , Gg          , Gs^Ft       , Gs^Ft       , Gg          , Gg          , Ds          , Rd          , Rd          , Ds          , Ww          , Ww          , Wo          , Wo          , Wo          , Wo          , Wo          , Wo          , Wo          , Wo          , Wo          , Wo          , Wo          , Wo          , Wwr         , Wwr         , Ds          , Ds          , Ss          , Chs         , Ss          , Ss          , Ds          , Ww          , Ww          , Wo          , Wo          , Wo          , Wo          , Ww          , Ww          , Ww          , Ww          , Ww          , Ww          , Ww          , Ww^Bw|      , Ww          , Ww          , Ww          , Wo          , Ww          , Wo          , Ww          , Wo          
Mm          , Mm          , Mm          , Mm          , Mm          , Hh^Fp       , Gs^Fp       , Gs^Fp       , Gg          , Gg          , Gs^Ft       , Gg          , Ce          , Ce          , Ce          , Rd          , Ds          , Ds          , Ww          , Ww          , Wo          , Wo          , Wo          , Wo          , Wo          , Wo          , Wo          , Wo          , Wo          , Wo          , Wo          , Wwr         , Wwr         , Ds          , Ds          , Ss          , Ss          , Ww          , Ww          , Ww          , Wo          , Wo          , Ww          , Ww          , Ww          , Ww          , Ww          , Ch          , Gs^Fds      , Ch          , Re^Gvs      , Ch          , Gg          , Rp          , Gg          , Ch          , Ch          , Ch          , Ch          , Ch          , Ch          , Ch          
Mm          , Mm          , Mm          , Mm          , Gg^Vc       , Gg          , Gg          , Gg          , Ds          , Ds          , Ds          , Gg          , Ce          , 3 Ke        , Ce          , Ds          , Ds          , Ds          , Ww          , Wo          , Wo          , Wo          , Wo          , Wo          , Wo          , Wo          , Wo          , Wo          , Wo          , Wo          , Wo          , Wo          , Wwr         , Wwr         , Wwr         , Wwr         , Wwr         , Ww          , Wo          , Wo          , Ww          , Ww          , Gg          , Ch          , Gs^Fds      , Ch          , Re^Gvs      , Re^Gvs      , Re^Gvs      , Re^Gvs      , Re^Gvs      , Re^Gvs      , Re^Gvs      , Rp          , Gg^Vh       , Gg          , Gg          , Re^Gvs      , Re^Gvs      , Re^Gvs      , Re^Gvs      , Re^Gvs      
Mm          , Mm          , Gg          , Gg          , Gg          , Gg          , Ds          , Ds          , Dd^Vdt      , Ds          , Gg          , Ds          , Ds          , Ce          , Rd          , Rd          , Ww          , Ww          , Wo          , Wo          , Wo          , Wo          , Wo          , Wo          , Wo          , Wo          , Wo          , Wo          , Ww          , Wwr         , Ww          , Wo          , Wo          , Wo          , Wo          , Wwr         , Wwr         , Ww          , Wo          , Ww          , Ch          , Ch          , Gg          , Gg          , Re^Gvs      , Re^Gvs      , Re^Gvs      , Re^Gvs      , Re^Gvs      , Re^Gvs      , Re^Gvs      , Re^Gvs      , Re^Gvs      , Rp          , Rp          , Gg          , Ch          , Re^Gvs      , Re^Gvs      , Re^Gvs      , Re^Gvs      , Re^Gvs      
Gg          , Gg          , Ds          , Ds          , Gg          , Gg          , Ds          , Ds          , Ds          , Gg          , Ds          , Ds          , Ds          , Ds          , Ww          , Ds          , Ww          , Ww          , Ww          , Ww          , Ww          , Ww          , Ww          , Wo          , Wo          , Wo          , Wo          , Wo          , Wo          , Ww          , Wo          , Wo          , Wo          , Wo          , Wo          , Ww          , Ww          , Ww          , Wo          , Ww          , Gs^Fds      , Ch          , Re^Gvs      , Re^Gvs      , Re^Gvs      , Re^Gvs      , Re^Gvs      , Re^Gvs      , Re^Gvs      , Re^Gvs      , Re^Gvs      , Re^Gvs      , Ch          , Ch          , Rp          , Gg          , Rr          , Ch          , Ch          , Re^Gvs      , Re^Gvs      , Re^Gvs      
Gg          , Ds          , Gs^Ft       , Gs^Ft       , Gs^Ft       , Gs^Ft       , Ds          , Ds          , Ww          , Ds          , Ww          , Ds          , Ww          , Ds          , Ww          , Ww          , Ww          , Ww          , Ds          , Ds          , Ds          , Ds          , Ds          , Ww          , Ww          , Wo          , Wo          , Wo          , Wo          , Wo          , Wo          , Wo          , Wo          , Wo          , Wo          , Wo          , Wo          , Wo          , Ww          , Ww          , Gs^Fds      , Ch          , Ch          , Re^Gvs      , Gg          , Re^Gvs      , Re^Gvs      , Re^Gvs      , Rp          , Re^Gvs      , Re^Gvs      , Re^Gvs      , Rr          , Rr          , Rr          , Rr          , Ch          , Rr          , Rr          , Ch          , Ch          , Re^Gvs      
Gg          , Ds          , Ds          , Gs^Ft       , Ds          , Ds          , Ww          , Ww          , Wo          , Ww          , Wo          , Ww          , Wo          , Ww          , Wo          , Wo          , Wo          , Ww          , Ds          , Rd          , Rd          , Gs^Fds      , Gs^Fds      , Ds          , Ww          , Wo          , Wo          , Wo          , Wo          , Wo          , Wo          , Wo          , Wo          , Wo          , Wo          , Wo          , Ww          , Ww          , Ss          , Gs^Fds      , Gs^Fds      , Gs^Fds      , Ch          , Gg          , Gg          , Re^Gvs      , Rd          , Rp          , Re^Gvs      , Rp          , Rp          , Rr          , Rr          , Rr          , Rr          , Ch          , 4 Kh        , Ch          , Rr          , Rr          , Ch          , Re^Gvs      
Ds          , Ds          , Ds          , Ww          , Ww          , Ww          , Wo          , Wo          , Wo          , Wo          , Wo          , Wo          , Wo          , Wo          , Wo          , Wo          , Wo          , Ww          , Ww          , Ds          , Ds          , Rd          , Ds          , Ds          , Ww          , Wo          , Wo          , Wo          , Wo          , Wo          , Wo          , Wo          , Wo          , Wo          , Wo          , Ww          , Ww          , Ss          , Gs^Fds      , Gs^Fds      , Gs^Fds      , Gs^Fds      , Ch          , Gg          , Gg          , Rd          , Rd          , Re^Gvs      , Re^Gvs      , Re^Gvs      , Re^Gvs      , Ch          , Ch          , Rr          , Rr          , Ch          , Ch          , Ch          , Rr          , Rr          , Ch          , Re^Gvs      
Ds          , Ds          , Ww          , Ww          , Wo          , Wo          , Wo          , Wo          , Wo          , Wo          , Wo          , Wo          , Wo          , Wo          , Wo          , Wo          , Wo          , Wo          , Wo          , Ww          , Wwr         , Ds          , Wwr         , Ww          , Ww          , Ww          , Ww          , Wo          , Wwr         , Wwr         , Ww          , Ww          , Wo          , Wo          , Wo          , Wo          , Ww          , Ss          , Ss          , Gs^Fds      , Ss          , Gs^Fds      , Ch          , Ch          , Gg          , Gg          , Gg          , Rd          , Re^Gvs      , Re^Gvs      , Re^Gvs      , Kh          , Ch          , Rr          , Rr          , Rr          , Rr          , Rr          , Rr          , Rr          , Ch          , Re^Gvs      
Ww          , Ww          , Wo          , Wo          , Wo          , Wo          , Wo          , Wo          , Wo          , Wo          , Wo          , Wo          , Wo          , Wo          , Wo          , Wo          , Wo          , Wo          , Wo          , Ww          , Ww          , Wwr         , Wwr         , Wwr         , Wwr         , Ww          , Ww          , Ww          , Wwr         , Wwr         , Wwr         , Ww          , Ww          , Ww          , Wo          , Wo          , Wo          , Ww          , Ww          , Ww          , Ww          , Ww          , Ww          , Ww          , Ww^Bw/      , Gg          , Rd          , Rd          , Re^Gvs      , Re^Gvs      , Re^Gvs      , Ch          , Rr          , Rr          , Rr          , Rr          , Rp          , Rr          , Rr          , Rr          , Ch          , Ch          
Wo          , Wo          , Wo          , Wo          , Wo          , Wo          , Wo          , Wo          , Wo          , Wo          , Wo          , Wo          , Wo          , Wo          , Wo          , Wo          , Wo          , Wo          , Wo          , Wo          , Wo          , Ww          , Ww          , Wwr         , Ww          , Ww          , Ww          , Ww          , Ww          , Wwr         , Wwr         , Gg          , Ww          , Ww          , Ww          , Ww          , Wo          , Wo          , Wo          , Wo          , Wo          , Ww          , Ww          , Ww          , Ww          , Rd          , Gg          , Re^Gvs      , Re^Gvs      , Re^Gvs      , Gg          , Gg          , Gg          , Gg          , Ch          , Ch          , Rp          , Rp          , Ch          , Ch          , Re^Gvs      , Re^Gvs      
Wo          , Wo          , Wo          , Wo          , Wo          , Wo          , Wo          , Wo          , Wo          , Wo          , Wo          , Wo          , Wo          , Wo          , Wo          , Wo          , Wo          , Wo          , Wo          , Wo          , Wo          , Ww          , Ww          , Ww          , Wwr         , Wwr         , Ww          , Ww          , Ww          , Gg          , Gg          , Gg          , Gg          , Ww          , Ww          , Ww          , Wo          , Wo          , Wo          , Wo          , Wo          , Ww          , Ww          , Ww          , Ch          , Gg          , Gg          , Re^Gvs      , Gg          , Gg^Vh       , Gg          , Gg          , Gg          , Gg          , Gg          , Gg          , Rp          , Ch          , Re^Gvs      , Re^Gvs      , Re^Gvs      , Re^Gvs      
Wo          , Wo          , Wo          , Wo          , Wo          , Wo          , Wo          , Wo          , Wo          , Wo          , Wo          , Wo          , Wo          , Wo          , Wo          , Wo          , Wo          , Wo          , Wo          , Wo          , Wo          , Wo          , Ww          , Wwr         , Gs^Fds      , Gg          , Ww          , Ww          , Ww          , Gg          , Gs^Fds      , Gg          , Gg          , Ww          , Ww          , Ww          , Ww^Bw\      , Ww          , Ww          , Wo          , Wo          , Wo          , Ww          , Ww          , Ww          , Gg          , Gg          , Gg          , Gg          , Gg          , Gs^Fds      , Gs^Fds      , Gs^Fds      , Gs^Fds      , Gg          , Gg          , Gg          , Rp          , Re^Gvs      , Re^Gvs      , Re^Gvs      , Re^Gvs      
Wo          , Wo          , Wo          , Wo          , Wo          , Wo          , Wo          , Wo          , Wo          , Wo          , Wo          , Wo          , Wo          , Wo          , Wo          , Wo          , Wo          , Wo          , Wo          , Wo          , Wo          , Wo          , Ww          , Gs^Fds      , Gs^Fds      , Gs^Fds      , Ww          , Ww          , Ww          , Gg          , Gs^Fds      , Gs^Fds      , Gg          , Gg          , Ww          , Ww          , Ww          , Ww^Bw\      , Ww^Bw\      , Ww          , Ww          , Ww          , Ww          , Ww          , Ch          , Ch          , Ch          , Gg          , Gg          , Gg          , Gg          , Gs^Fds      , Gs^Fds      , Gs^Fds      , Gg          , Gs^Fds      , Kh          , Rp          , Re^Gvs      , Re^Gvs      , Re^Gvs      , Re^Gvs      
Wo          , Wo          , Wo          , Wo          , Wo          , Wo          , Wo          , Wo          , Wo          , Wo          , Wo          , Wo          , Wo          , Wo          , Wo          , Wo          , Wo          , Wo          , Wo          , Wo          , Wo          , Wo          , Wo          , Ww          , Ww          , Ds          , Ww          , Ww          , Ww          , Gg          , Gs^Fds      , Gs^Fds      , Gg          , Gg          , Ch          , Ch          , Gg          , Ww          , Ww^Bw|      , Ww^Bw\      , Ww^Bw\      , Ww^Bw\      , Ww^Bw\      , Gg          , Gg          , Gg          , Ch          , Ch          , Gg          , Gg          , Rp          , Gg          , Gg          , Gg          , Rp          , Rp          , Rp          , Rp          , Re^Gvs      , Re^Gvs      , Re^Gvs      , Re^Gvs      
Wo          , Wo          , Wo          , Wo          , Wo          , Wo          , Wo          , Wo          , Wo          , Wo          , Wo          , Wo          , Wo          , Wo          , Wo          , Wo          , Wo          , Wo          , Wo          , Wo          , Wo          , Wo          , Wo          , Wwr         , Ww          , Ww          , Ds          , Ww          , Ww          , Ww          , Gg          , Gg          , Gg          , Ch          , Gg          , Gg          , Gg          , Gg          , Rr          , Rp^Vhc      , Rr          , Rr          , Rr          , Rr          , Gg          , Gg          , Gg          , Ch          , Rp          , Rp          , Gg          , Rp          , Rp          , Rp          , Re^Gvs      , Gg^Vh       , Gg^Wm       , Re^Gvs      , Re^Gvs      , Re^Gvs      , Re^Gvs      , Re^Gvs      
Wo          , Wo          , Wo          , Wo          , Wo          , Wo          , Wo          , Wo          , Wo          , Wo          , Wo          , Wo          , Wo          , Wo          , Wo          , Wo          , Wo          , Wo          , Wo          , Wo          , Wo          , Wo          , Wo          , Wwr         , Ww          , Ds          , Ds          , Ds          , Ww          , Ww          , Ww          , Gg          , Ch          , Ch          , Gg          , Gg          , Gg          , Gg          , Gg          , Rr          , Gg          , Rp          , Rp          , Gg          , Gg          , Gg          , Rp          , Rp          , Ch          , Gg          , Gg          , Gg          , Gg          , Re^Gvs      , Re^Gvs      , Re^Gvs      , Re^Gvs      , Re^Gvs      , Re^Gvs      , Re^Gvs      , Re^Gvs      , Re^Gvs      
Wo          , Wo          , Wo          , Wo          , Wo          , Wo          , Wo          , Wo          , Wo          , Wo          , Wo          , Wo          , Wo          , Wo          , Wo          , Wo          , Wo          , Wo          , Wo          , Wo          , Wo          , Wo          , Wo          , Wo          , Wo          , Ww          , Ww          , Ds          , Ww          , Ww          , Ww          , Gg          , Ch          , Gg          , Gg          , Gg          , Gs^Fds      , Gg          , Gg          , Gg          , Re^Gvs      , Gg          , Gg          , Rp          , Rp          , Rp          , Gg          , Gg          , Ch          , Gg          , Gg          , Gg          , Gg          , Gs^Vht      , Re^Gvs      , Re^Gvs      , Re^Gvs      , Re^Gvs      , Re^Gvs      , Re^Gvs      , Re^Gvs      , Re^Gvs      
Wo          , Wo          , Wo          , Wo          , Wo          , Wo          , Wo          , Wo          , Wo          , Wo          , Wo          , Wo          , Wo          , Wo          , Wo          , Wo          , Wo          , Wo          , Wo          , Wo          , Wo          , Wo          , Wo          , Wo          , Wo          , Wo          , Wwr         , Ww          , Wwr         , Ww          , Ww          , Ww          , Ww          , Gg          , Gs^Fds      , Gs^Fds      , Gs^Fds      , Gg          , Gg          , Re^Gvs      , Re^Gvs      , Re^Gvs      , Re^Gvs      , Gg          , Gg          , Gg          , Gs^Fds      , Gg          , Ch          , Ch          , Gg          , Gg          , Re^Gvs      , Re^Gvs      , Re^Gvs      , Re^Gvs      , Re^Gvs      , Re^Gvs      , Re^Gvs      , Re^Gvs      , Re^Gvs      , Re^Gvs      
Wo          , Wo          , Wo          , Wo          , Wo          , Wo          , Wo          , Wo          , Wo          , Wo          , Wo          , Wo          , Wo          , Wo          , Wo          , Wo          , Wo          , Wo          , Wo          , Wo          , Wo          , Wo          , Wo          , Wo          , Wo          , Wo          , Wo          , Wo          , Wo          , Wwr         , Wwr         , Ww          , Ww          , Gg          , Gg          , Gs^Fds      , Gg          , Gg          , Gg          , Re^Gvs      , Gg^Vh       , Re^Gvs      , Re^Gvs      , Re^Gvs      , Re^Gvs      , Gg          , Gg          , Gg          , Gs^Fds      , Ch          , Re^Gvs      , Re^Gvs      , Re^Gvs      , Re^Gvs      , Re^Gvs      , Re^Gvs      , Re^Gvs      , Re^Gvs      , Re^Gvs      , Re^Gvs      , Re^Gvs      , Ch          
Wo          , Wo          , Wo          , Wo          , Wo          , Wo          , Wo          , Wo          , Wo          , Wo          , Wo          , Wo          , Wo          , Wo          , Wo          , Wo          , Wo          , Wo          , Wo          , Wo          , Wo          , Wo          , Wo          , Wo          , Wo          , Wo          , Wo          , Wo          , Wo          , Wo          , Wo          , Wwr         , Wwr         , Ww          , Ww          , Ww          , Ww          , Gg          , Gs^Fds      , Gg          , Gs^Fds      , Gg          , Gg          , Re^Gvs      , Gg          , Re^Gvs      , Gg          , Gs^Fds      , Gs^Fds      , Ch          , Re^Gvs      , Re^Gvs      , Re^Gvs      , Re^Gvs      , Re^Gvs      , Re^Gvs      , Re^Gvs      , Re^Gvs      , Re^Gvs      , Re^Gvs      , Ch          , Ch          
Wo          , Wo          , Wo          , Wo          , Wo          , Wo          , Wo          , Wo          , Wo          , Wo          , Wo          , Wo          , Wo          , Wo          , Wo          , Wo          , Wo          , Wo          , Wo          , Wo          , Wo          , Wo          , Wo          , Wo          , Wo          , Wo          , Wo          , Wo          , Wo          , Wo          , Wo          , Wwr         , Wwr         , Wwr         , Ww          , Ww          , Ww          , Ww          , Gs^Fds      , Gs^Fds      , Gs^Fds      , Gs^Fds      , Gs^Fds      , Gs^Fds      , Gs^Fds      , Gg          , Gg          , Gs^Fds      , Gs^Fds      , Ch          , Re^Gvs      , Re^Gvs      , Re^Gvs      , Re^Gvs      , Re^Gvs      , Re^Gvs      , Re^Gvs      , Re^Gvs      , Ch          , Ch          , Ch          , Gg          
